[11:51:06] [main/INFO] (FabricLoader/GameProvider) Loading Minecraft 1.21.4 with Fabric Loader 0.16.9
[11:51:08] [main/INFO] (FabricLoader) Loading 54 mods:
	- fabric-api 0.114.0+1.21.4
	- fabric-api-base 0.4.54+b47eab6b04
	- fabric-api-lookup-api-v1 1.6.86+b1caf1e904
	- fabric-biome-api-v1 15.0.6+b1c29d8e04
	- fabric-block-api-v1 1.0.31+7feeb73304
	- fabric-block-view-api-v2 1.0.19+7feeb73304
	- fabric-blockrenderlayer-v1 2.0.8+7feeb73304
	- fabric-client-gametest-api-v1 3.0.0+1f6471e604
	- fabric-client-tags-api-v1 1.1.29+20ea1e2304
	- fabric-command-api-v1 1.2.62+f71b366f04
	- fabric-command-api-v2 2.2.41+e496eb1504
	- fabric-commands-v0 0.2.79+df3654b304
	- fabric-content-registries-v0 9.1.14+7feeb73304
	- fabric-convention-tags-v1 2.1.11+7f945d5b04
	- fabric-convention-tags-v2 2.10.1+e7d3c6e504
	- fabric-crash-report-info-v1 0.3.6+7feeb73304
	- fabric-data-attachment-api-v1 1.4.6+9aea556b04
	- fabric-data-generation-api-v1 22.2.4+20ea1e2304
	- fabric-dimensions-v1 4.0.10+7feeb73304
	- fabric-entity-events-v1 2.0.12+60fccc7604
	- fabric-events-interaction-v0 4.0.2+a4eebcf004
	- fabric-game-rule-api-v1 1.0.62+7feeb73304
	- fabric-gametest-api-v1 2.0.21+7feeb73304
	- fabric-item-api-v1 11.1.14+203e6b2304
	- fabric-item-group-api-v1 4.1.23+7feeb73304
	- fabric-key-binding-api-v1 1.0.56+7feeb73304
	- fabric-keybindings-v0 0.2.54+df3654b304
	- fabric-lifecycle-events-v1 2.5.4+bf2a60eb04
	- fabric-loot-api-v2 3.0.33+3f89f5a504
	- fabric-loot-api-v3 1.0.21+203e6b2304
	- fabric-message-api-v1 6.0.25+7feeb73304
	- fabric-model-loading-api-v1 4.2.0+8ca2ae8d04
	- fabric-networking-api-v1 4.3.9+f371ccb904
	- fabric-object-builder-api-v1 18.0.8+d70d2c0604
	- fabric-particles-v1 4.0.14+7feeb73304
	- fabric-recipe-api-v1 8.0.6+9ceeb58c04
	- fabric-registry-sync-v0 6.1.3+e7d3c6e504
	- fabric-renderer-api-v1 5.0.2+84404cdd04
	- fabric-renderer-indigo 2.0.2+84404cdd04
	- fabric-rendering-data-attachment-v1 0.3.57+73761d2e04
	- fabric-rendering-fluids-v1 3.1.19+7feeb73304
	- fabric-rendering-v1 10.1.2+b874120c04
	- fabric-resource-conditions-api-v1 5.0.13+203e6b2304
	- fabric-resource-loader-v0 3.0.11+b1caf1e904
	- fabric-screen-api-v1 2.0.38+7feeb73304
	- fabric-screen-handler-api-v1 1.3.110+7feeb73304
	- fabric-sound-api-v1 1.0.32+7feeb73304
	- fabric-tag-api-v1 1.0.2+20ea1e2304
	- fabric-transfer-api-v1 5.4.9+efa825c904
	- fabric-transitive-access-wideners-v1 6.3.2+56e78b9b04
	- fabricloader 0.16.9
	- java 24
	- minecraft 1.21.4
	- mixinextras 0.4.1
[11:51:09] [main/INFO] (FabricLoader/Mixin) SpongePowered MIXIN Subsystem Version=0.8.7 Source=file:/C:/Users/1/.gradle/caches/modules-2/files-2.1/net.fabricmc/sponge-mixin/0.15.4+mixin.0.8.7/6a12aacc794f1078458433116e9ed42c1cc98096/sponge-mixin-0.15.4+mixin.0.8.7.jar Service=Knot/Fabric Env=CLIENT
[11:51:10] [main/INFO] (FabricLoader/Mixin) Loaded Fabric development mappings for mixin remapper!
[11:51:10] [main/INFO] (FabricLoader/Mixin) Compatibility level set to JAVA_21
[11:51:17] [main/INFO] (FabricLoader/MixinExtras|Service) Initializing MixinExtras via com.llamalad7.mixinextras.service.MixinExtrasServiceImpl(version=0.4.1).
[11:51:20] [Datafixer Bootstrap/INFO] (Minecraft) 243 Datafixer optimizations took 995 milliseconds
[11:51:33] [Render thread/INFO] (Minecraft) [STDERR]: [LWJGL] [ThreadLocalUtil] Unsupported JNI version detected, this may result in a crash. Please inform LWJGL developers.
[11:51:33] [Render thread/INFO] (Minecraft) Environment: Environment[sessionHost=https://sessionserver.mojang.com, servicesHost=https://api.minecraftservices.com, name=PROD]
[11:51:33] [Render thread/INFO] (Minecraft) Setting user: Player624
[11:51:34] [Render thread/INFO] (Indigo) [Indigo] Registering Indigo renderer!
[11:51:35] [Render thread/INFO] (Minecraft) Backend library: LWJGL version 3.3.3-snapshot
[11:51:40] [Render thread/INFO] (Minecraft) Reloading ResourceManager: vanilla, fabric, fabric-api, fabric-api-base, fabric-api-lookup-api-v1, fabric-biome-api-v1, fabric-block-api-v1, fabric-block-view-api-v2, fabric-blockrenderlayer-v1, fabric-client-gametest-api-v1, fabric-client-tags-api-v1, fabric-command-api-v1, fabric-command-api-v2, fabric-commands-v0, fabric-content-registries-v0, fabric-convention-tags-v1, fabric-convention-tags-v2, fabric-crash-report-info-v1, fabric-data-attachment-api-v1, fabric-data-generation-api-v1, fabric-dimensions-v1, fabric-entity-events-v1, fabric-events-interaction-v0, fabric-game-rule-api-v1, fabric-gametest-api-v1, fabric-item-api-v1, fabric-item-group-api-v1, fabric-key-binding-api-v1, fabric-keybindings-v0, fabric-lifecycle-events-v1, fabric-loot-api-v2, fabric-loot-api-v3, fabric-message-api-v1, fabric-model-loading-api-v1, fabric-networking-api-v1, fabric-object-builder-api-v1, fabric-particles-v1, fabric-recipe-api-v1, fabric-registry-sync-v0, fabric-renderer-api-v1, fabric-renderer-indigo, fabric-rendering-data-attachment-v1, fabric-rendering-fluids-v1, fabric-rendering-v1, fabric-resource-conditions-api-v1, fabric-resource-loader-v0, fabric-screen-api-v1, fabric-screen-handler-api-v1, fabric-sound-api-v1, fabric-tag-api-v1, fabric-transfer-api-v1, fabric-transitive-access-wideners-v1, fabricloader
[11:51:40] [Worker-Main-11/INFO] (Minecraft) Found unifont_all_no_pua-16.0.01.hex, loading
[11:51:40] [Worker-Main-3/INFO] (Minecraft) Found unifont_jp_patch-16.0.01.hex, loading
[11:51:44] [Render thread/INFO] (Minecraft) OpenAL initialized on device OpenAL Soft on Динамики (2- Realtek High Definition Audio)
[11:51:44] [Render thread/INFO] (Minecraft) Sound engine started
[11:51:45] [Render thread/INFO] (Minecraft) Created: 1024x512x4 minecraft:textures/atlas/blocks.png-atlas
[11:51:45] [Render thread/INFO] (Minecraft) Created: 256x256x4 minecraft:textures/atlas/signs.png-atlas
[11:51:45] [Render thread/INFO] (Minecraft) Created: 512x512x4 minecraft:textures/atlas/banner_patterns.png-atlas
[11:51:45] [Render thread/INFO] (Minecraft) Created: 512x512x4 minecraft:textures/atlas/shield_patterns.png-atlas
[11:51:45] [Render thread/INFO] (Minecraft) Created: 2048x1024x4 minecraft:textures/atlas/armor_trims.png-atlas
[11:51:45] [Render thread/INFO] (Minecraft) Created: 256x256x4 minecraft:textures/atlas/chest.png-atlas
[11:51:45] [Render thread/INFO] (Minecraft) Created: 128x64x4 minecraft:textures/atlas/decorated_pot.png-atlas
[11:51:45] [Render thread/INFO] (Minecraft) Created: 512x256x4 minecraft:textures/atlas/beds.png-atlas
[11:51:45] [Render thread/INFO] (Minecraft) Created: 512x256x4 minecraft:textures/atlas/shulker_boxes.png-atlas
[11:51:45] [Render thread/INFO] (Minecraft) Created: 64x64x0 minecraft:textures/atlas/map_decorations.png-atlas
[11:51:45] [Render thread/INFO] (Minecraft) Created: 512x256x0 minecraft:textures/atlas/particles.png-atlas
[11:51:45] [Render thread/INFO] (Minecraft) Created: 512x256x0 minecraft:textures/atlas/paintings.png-atlas
[11:51:45] [Render thread/INFO] (Minecraft) Created: 256x128x0 minecraft:textures/atlas/mob_effects.png-atlas
[11:51:45] [Render thread/INFO] (Minecraft) Created: 1024x512x0 minecraft:textures/atlas/gui.png-atlas
[11:51:55] [Render thread/INFO] (Minecraft) Loaded 1370 recipes
[11:51:55] [Render thread/INFO] (Minecraft) Loaded 1481 advancements
[11:51:55] [Render thread/INFO] (BiomeModificationImpl) Applied 0 biome modifications to 0 of 65 new biomes in 3.071 ms
[11:51:55] [Server thread/INFO] (Minecraft) Starting integrated minecraft server version 1.21.4
[11:51:55] [Server thread/INFO] (Minecraft) Generating keypair
[11:51:56] [Server thread/INFO] (Minecraft) Preparing start region for dimension minecraft:overworld
[11:51:58] [Render thread/INFO] (Minecraft) Preparing spawn area: 0%
[11:51:58] [Render thread/INFO] (Minecraft) Preparing spawn area: 0%
[11:51:58] [Render thread/INFO] (Minecraft) Preparing spawn area: 0%
[11:51:58] [Render thread/INFO] (Minecraft) Preparing spawn area: 0%
[11:51:58] [Render thread/INFO] (Minecraft) Time elapsed: 1960 ms
[11:51:58] [Server thread/INFO] (Minecraft) Changing view distance to 12, from 10
[11:51:58] [Server thread/INFO] (Minecraft) Changing simulation distance to 12, from 0
[11:52:01] [Server thread/INFO] (Minecraft) Player624[local:E:30596079] logged in with entity id 120 at (-665.6070443816901, 64.0, -262.34044755886526)
[11:52:01] [Server thread/INFO] (Minecraft) Player624 joined the game
[11:52:01] [Render thread/INFO] (Minecraft) Loaded 2 advancements
[11:52:09] [Server thread/INFO] (Minecraft) Saving and pausing game...
[11:52:10] [Server thread/INFO] (Minecraft) Saving chunks for level 'ServerLevel[New World]'/minecraft:overworld
[11:52:10] [Server thread/INFO] (Minecraft) Saving chunks for level 'ServerLevel[New World]'/minecraft:the_end
[11:52:10] [Server thread/INFO] (Minecraft) Saving chunks for level 'ServerLevel[New World]'/minecraft:the_nether
[11:52:25] [Server thread/INFO] (Minecraft) Player624 lost connection: Disconnected
[11:52:25] [Server thread/INFO] (Minecraft) Player624 left the game
[11:52:25] [Server thread/INFO] (Minecraft) Stopping singleplayer server as player logged out
[11:52:25] [Server thread/INFO] (Minecraft) Stopping server
[11:52:25] [Server thread/INFO] (Minecraft) Saving players
[11:52:25] [Server thread/INFO] (Minecraft) Saving worlds
[11:52:27] [Server thread/INFO] (Minecraft) Saving chunks for level 'ServerLevel[New World]'/minecraft:overworld
[11:52:32] [Server thread/INFO] (Minecraft) Saving chunks for level 'ServerLevel[New World]'/minecraft:the_end
[11:52:32] [Server thread/INFO] (Minecraft) Saving chunks for level 'ServerLevel[New World]'/minecraft:the_nether
[11:52:32] [Server thread/INFO] (Minecraft) ThreadedAnvilChunkStorage (New World): All chunks are saved
[11:52:32] [Server thread/INFO] (Minecraft) ThreadedAnvilChunkStorage (DIM1): All chunks are saved
[11:52:32] [Server thread/INFO] (Minecraft) ThreadedAnvilChunkStorage (DIM-1): All chunks are saved
[11:52:32] [Server thread/INFO] (Minecraft) ThreadedAnvilChunkStorage: All dimensions are saved
[11:52:32] [Render thread/INFO] (Minecraft) Stopping!
